exports[`test Search snapshot test 1`] = `
<div
  className="show-card">
  <img
    src="/public/img/posters/undefined" />
  <div>
    <h3 />
    <h4 />
    <p />
  </div>
</div>
`;
